[2026-09-10 14:02:11,000] [1] [INFO] Starting gunicorn 22.0.0
[2026-09-10 14:02:11,000] [1] [INFO] Listening at: http://0.0.0.0:8000 (1)
[2026-09-10 14:02:11,000] [1] [INFO] Using worker: sync
[2026-09-10 14:02:11,000] [7] [INFO] Booting worker with pid: 7
[2026-09-10 14:02:32,000] [7] [ERROR] Exception on /users/2 [GET]
Traceback (most recent call last):
  File "/usr/local/lib/python3.12/site-packages/flask/app.py", line 1473, in wsgi_app
    response = self.full_dispatch_request()
  File "/usr/local/lib/python3.12/site-packages/flask/app.py", line 882, in full_dispatch_request
    rv = self.dispatch_request()
  File "/usr/local/lib/python3.12/site-packages/flask/app.py", line 865, in dispatch_request
    return self.ensure_sync(self.view_functions[rule.endpoint])(**view_args)
  File "/srv/app/routes.py", line 21, in user_detail
    email=user["email"],  # BUG: column was renamed to `mail`
KeyError: 'email'
[2026-09-10 14:02:32,000] [7] [INFO] 10.0.0.5 "GET /users/1 HTTP/1.1" 500 265
[2026-09-10 14:03:07,000] [7] [INFO] 10.0.0.39 "GET /health HTTP/1.1" 200 16
[2026-09-10 14:03:11,000] [7] [ERROR] Exception on /users/1 [GET]
Traceback (most recent call last):
  File "/usr/local/lib/python3.12/site-packages/flask/app.py", line 1473, in wsgi_app
    response = self.full_dispatch_request()
  File "/usr/local/lib/python3.12/site-packages/flask/app.py", line 882, in full_dispatch_request
    rv = self.dispatch_request()
  File "/usr/local/lib/python3.12/site-packages/flask/app.py", line 865, in dispatch_request
    return self.ensure_sync(self.view_functions[rule.endpoint])(**view_args)
  File "/srv/app/routes.py", line 21, in user_detail
    email=user["email"],  # BUG: column was renamed to `mail`
KeyError: 'email'
[2026-09-10 14:03:11,000] [7] [INFO] 10.0.0.4 "GET /users/1 HTTP/1.1" 500 265
[2026-09-10 14:03:39,000] [7] [INFO] 10.0.0.17 "GET /users/3 HTTP/1.1" 404 207
[2026-09-10 14:04:15,000] [7] [INFO] 10.0.0.38 "GET /users/3 HTTP/1.1" 404 207
[2026-09-10 14:04:30,000] [7] [ERROR] Exception on /users/1 [GET]
Traceback (most recent call last):
  File "/usr/local/lib/python3.12/site-packages/flask/app.py", line 1473, in wsgi_app
    response = self.full_dispatch_request()
  File "/usr/local/lib/python3.12/site-packages/flask/app.py", line 882, in full_dispatch_request
    rv = self.dispatch_request()
  File "/usr/local/lib/python3.12/site-packages/flask/app.py", line 865, in dispatch_request
    return self.ensure_sync(self.view_functions[rule.endpoint])(**view_args)
  File "/srv/app/routes.py", line 21, in user_detail
    email=user["email"],  # BUG: column was renamed to `mail`
KeyError: 'email'
[2026-09-10 14:04:30,000] [7] [INFO] 10.0.0.38 "GET /users/2 HTTP/1.1" 500 265
[2026-09-10 14:04:34,000] [7] [ERROR] Exception on /users/1 [GET]
Traceback (most recent call last):
  File "/usr/local/lib/python3.12/site-packages/flask/app.py", line 1473, in wsgi_app
    response = self.full_dispatch_request()
  File "/usr/local/lib/python3.12/site-packages/flask/app.py", line 882, in full_dispatch_request
    rv = self.dispatch_request()
  File "/usr/local/lib/python3.12/site-packages/flask/app.py", line 865, in dispatch_request
    return self.ensure_sync(self.view_functions[rule.endpoint])(**view_args)
  File "/srv/app/routes.py", line 21, in user_detail
    email=user["email"],  # BUG: column was renamed to `mail`
KeyError: 'email'
[2026-09-10 14:04:34,000] [7] [INFO] 10.0.0.37 "GET /users/1 HTTP/1.1" 500 265
[2026-09-10 14:04:53,000] [7] [INFO] 10.0.0.36 "GET /users/3 HTTP/1.1" 404 207
[2026-09-10 14:05:30,000] [7] [INFO] 10.0.0.13 "GET /health HTTP/1.1" 200 16
[2026-09-10 14:05:37,000] [7] [ERROR] Exception on /users/1 [GET]
Traceback (most recent call last):
  File "/usr/local/lib/python3.12/site-packages/flask/app.py", line 1473, in wsgi_app
    response = self.full_dispatch_request()
  File "/usr/local/lib/python3.12/site-packages/flask/app.py", line 882, in full_dispatch_request
    rv = self.dispatch_request()
  File "/usr/local/lib/python3.12/site-packages/flask/app.py", line 865, in dispatch_request
    return self.ensure_sync(self.view_functions[rule.endpoint])(**view_args)
  File "/srv/app/routes.py", line 21, in user_detail
    email=user["email"],  # BUG: column was renamed to `mail`
KeyError: 'email'
[2026-09-10 14:05:37,000] [7] [INFO] 10.0.0.25 "GET /users/1 HTTP/1.1" 500 265
[2026-09-10 14:06:13,000] [7] [ERROR] Exception on /users/1 [GET]
Traceback (most recent call last):
  File "/usr/local/lib/python3.12/site-packages/flask/app.py", line 1473, in wsgi_app
    response = self.full_dispatch_request()
  File "/usr/local/lib/python3.12/site-packages/flask/app.py", line 882, in full_dispatch_request
    rv = self.dispatch_request()
  File "/usr/local/lib/python3.12/site-packages/flask/app.py", line 865, in dispatch_request
    return self.ensure_sync(self.view_functions[rule.endpoint])(**view_args)
  File "/srv/app/routes.py", line 21, in user_detail
    email=user["email"],  # BUG: column was renamed to `mail`
KeyError: 'email'
[2026-09-10 14:06:13,000] [7] [INFO] 10.0.0.15 "GET /users/2 HTTP/1.1" 500 265
[2026-09-10 14:06:48,000] [7] [INFO] 10.0.0.22 "GET /users/6 HTTP/1.1" 404 207
[2026-09-10 14:07:26,000] [7] [ERROR] Exception on /users/2 [GET]
Traceback (most recent call last):
  File "/usr/local/lib/python3.12/site-packages/flask/app.py", line 1473, in wsgi_app
    response = self.full_dispatch_request()
  File "/usr/local/lib/python3.12/site-packages/flask/app.py", line 882, in full_dispatch_request
    rv = self.dispatch_request()
  File "/usr/local/lib/python3.12/site-packages/flask/app.py", line 865, in dispatch_request
    return self.ensure_sync(self.view_functions[rule.endpoint])(**view_args)
  File "/srv/app/routes.py", line 21, in user_detail
    email=user["email"],  # BUG: column was renamed to `mail`
KeyError: 'email'
[2026-09-10 14:07:26,000] [7] [INFO] 10.0.0.21 "GET /users/1 HTTP/1.1" 500 265
[2026-09-10 14:07:38,000] [7] [ERROR] Exception on /users/1 [GET]
Traceback (most recent call last):
  File "/usr/local/lib/python3.12/site-packages/flask/app.py", line 1473, in wsgi_app
    response = self.full_dispatch_request()
  File "/usr/local/lib/python3.12/site-packages/flask/app.py", line 882, in full_dispatch_request
    rv = self.dispatch_request()
  File "/usr/local/lib/python3.12/site-packages/flask/app.py", line 865, in dispatch_request
    return self.ensure_sync(self.view_functions[rule.endpoint])(**view_args)
  File "/srv/app/routes.py", line 21, in user_detail
    email=user["email"],  # BUG: column was renamed to `mail`
KeyError: 'email'
[2026-09-10 14:07:38,000] [7] [INFO] 10.0.0.7 "GET /users/2 HTTP/1.1" 500 265
[2026-09-10 14:08:12,000] [7] [INFO] 10.0.0.23 "GET /users/8 HTTP/1.1" 404 207
[2026-09-10 14:08:41,000] [7] [INFO] 10.0.0.6 "GET /health HTTP/1.1" 200 16
[2026-09-10 14:08:49,000] [7] [ERROR] Exception on /users/1 [GET]
Traceback (most recent call last):
  File "/usr/local/lib/python3.12/site-packages/flask/app.py", line 1473, in wsgi_app
    response = self.full_dispatch_request()
  File "/usr/local/lib/python3.12/site-packages/flask/app.py", line 882, in full_dispatch_request
    rv = self.dispatch_request()
  File "/usr/local/lib/python3.12/site-packages/flask/app.py", line 865, in dispatch_request
    return self.ensure_sync(self.view_functions[rule.endpoint])(**view_args)
  File "/srv/app/routes.py", line 21, in user_detail
    email=user["email"],  # BUG: column was renamed to `mail`
KeyError: 'email'
[2026-09-10 14:08:49,000] [7] [INFO] 10.0.0.23 "GET /users/1 HTTP/1.1" 500 265
[2026-09-10 14:09:21,000] [7] [INFO] 10.0.0.6 "GET /users/9 HTTP/1.1" 404 207
[2026-09-10 14:09:57,000] [7] [ERROR] Exception on /users/2 [GET]
Traceback (most recent call last):
  File "/usr/local/lib/python3.12/site-packages/flask/app.py", line 1473, in wsgi_app
    response = self.full_dispatch_request()
  File "/usr/local/lib/python3.12/site-packages/flask/app.py", line 882, in full_dispatch_request
    rv = self.dispatch_request()
  File "/usr/local/lib/python3.12/site-packages/flask/app.py", line 865, in dispatch_request
    return self.ensure_sync(self.view_functions[rule.endpoint])(**view_args)
  File "/srv/app/routes.py", line 21, in user_detail
    email=user["email"],  # BUG: column was renamed to `mail`
KeyError: 'email'
[2026-09-10 14:09:57,000] [7] [INFO] 10.0.0.23 "GET /users/2 HTTP/1.1" 500 265
[2026-09-10 14:10:36,000] [7] [INFO] 10.0.0.31 "GET /users/3 HTTP/1.1" 404 207
[2026-09-10 14:10:42,000] [7] [ERROR] Exception on /users/2 [GET]
Traceback (most recent call last):
  File "/usr/local/lib/python3.12/site-packages/flask/app.py", line 1473, in wsgi_app
    response = self.full_dispatch_request()
  File "/usr/local/lib/python3.12/site-packages/flask/app.py", line 882, in full_dispatch_request
    rv = self.dispatch_request()
  File "/usr/local/lib/python3.12/site-packages/flask/app.py", line 865, in dispatch_request
    return self.ensure_sync(self.view_functions[rule.endpoint])(**view_args)
  File "/srv/app/routes.py", line 21, in user_detail
    email=user["email"],  # BUG: column was renamed to `mail`
KeyError: 'email'
[2026-09-10 14:10:42,000] [7] [INFO] 10.0.0.6 "GET /users/1 HTTP/1.1" 500 265
[2026-09-10 14:11:02,000] [7] [ERROR] Exception on /users/2 [GET]
Traceback (most recent call last):
  File "/usr/local/lib/python3.12/site-packages/flask/app.py", line 1473, in wsgi_app
    response = self.full_dispatch_request()
  File "/usr/local/lib/python3.12/site-packages/flask/app.py", line 882, in full_dispatch_request
    rv = self.dispatch_request()
  File "/usr/local/lib/python3.12/site-packages/flask/app.py", line 865, in dispatch_request
    return self.ensure_sync(self.view_functions[rule.endpoint])(**view_args)
  File "/srv/app/routes.py", line 21, in user_detail
    email=user["email"],  # BUG: column was renamed to `mail`
KeyError: 'email'
[2026-09-10 14:11:02,000] [7] [INFO] 10.0.0.20 "GET /users/2 HTTP/1.1" 500 265
[2026-09-10 14:11:25,000] [7] [INFO] 10.0.0.31 "GET /health HTTP/1.1" 200 16
[2026-09-10 14:11:48,000] [7] [INFO] 10.0.0.9 "GET /health HTTP/1.1" 200 16
[2026-09-10 14:12:20,000] [7] [INFO] 10.0.0.20 "GET /health HTTP/1.1" 200 16
[2026-09-10 14:12:29,000] [7] [ERROR] Exception on /users/2 [GET]
Traceback (most recent call last):
  File "/usr/local/lib/python3.12/site-packages/flask/app.py", line 1473, in wsgi_app
    response = self.full_dispatch_request()
  File "/usr/local/lib/python3.12/site-packages/flask/app.py", line 882, in full_dispatch_request
    rv = self.dispatch_request()
  File "/usr/local/lib/python3.12/site-packages/flask/app.py", line 865, in dispatch_request
    return self.ensure_sync(self.view_functions[rule.endpoint])(**view_args)
  File "/srv/app/routes.py", line 21, in user_detail
    email=user["email"],  # BUG: column was renamed to `mail`
KeyError: 'email'
[2026-09-10 14:12:29,000] [7] [INFO] 10.0.0.27 "GET /users/2 HTTP/1.1" 500 265
[2026-09-10 14:12:35,000] [7] [INFO] 10.0.0.27 "GET /health HTTP/1.1" 200 16
[2026-09-10 14:13:11,000] [7] [INFO] 10.0.0.10 "GET /health HTTP/1.1" 200 16
[2026-09-10 14:13:39,000] [7] [ERROR] Exception on /users/2 [GET]
Traceback (most recent call last):
  File "/usr/local/lib/python3.12/site-packages/flask/app.py", line 1473, in wsgi_app
    response = self.full_dispatch_request()
  File "/usr/local/lib/python3.12/site-packages/flask/app.py", line 882, in full_dispatch_request
    rv = self.dispatch_request()
  File "/usr/local/lib/python3.12/site-packages/flask/app.py", line 865, in dispatch_request
    return self.ensure_sync(self.view_functions[rule.endpoint])(**view_args)
  File "/srv/app/routes.py", line 21, in user_detail
    email=user["email"],  # BUG: column was renamed to `mail`
KeyError: 'email'
[2026-09-10 14:13:39,000] [7] [INFO] 10.0.0.28 "GET /users/2 HTTP/1.1" 500 265
[2026-09-10 14:14:04,000] [7] [ERROR] Exception on /users/1 [GET]
Traceback (most recent call last):
  File "/usr/local/lib/python3.12/site-packages/flask/app.py", line 1473, in wsgi_app
    response = self.full_dispatch_request()
  File "/usr/local/lib/python3.12/site-packages/flask/app.py", line 882, in full_dispatch_request
    rv = self.dispatch_request()
  File "/usr/local/lib/python3.12/site-packages/flask/app.py", line 865, in dispatch_request
    return self.ensure_sync(self.view_functions[rule.endpoint])(**view_args)
  File "/srv/app/routes.py", line 21, in user_detail
    email=user["email"],  # BUG: column was renamed to `mail`
KeyError: 'email'
[2026-09-10 14:14:04,000] [7] [INFO] 10.0.0.7 "GET /users/1 HTTP/1.1" 500 265
[2026-09-10 14:14:14,000] [7] [INFO] 10.0.0.16 "GET /health HTTP/1.1" 200 16
[2026-09-10 14:14:15,000] [7] [INFO] 10.0.0.39 "GET /users/4 HTTP/1.1" 404 207
[2026-09-10 14:14:32,000] [7] [INFO] 10.0.0.11 "GET /health HTTP/1.1" 200 16
[2026-09-10 14:14:59,000] [7] [ERROR] Exception on /users/2 [GET]
Traceback (most recent call last):
  File "/usr/local/lib/python3.12/site-packages/flask/app.py", line 1473, in wsgi_app
    response = self.full_dispatch_request()
  File "/usr/local/lib/python3.12/site-packages/flask/app.py", line 882, in full_dispatch_request
    rv = self.dispatch_request()
  File "/usr/local/lib/python3.12/site-packages/flask/app.py", line 865, in dispatch_request
    return self.ensure_sync(self.view_functions[rule.endpoint])(**view_args)
  File "/srv/app/routes.py", line 21, in user_detail
    email=user["email"],  # BUG: column was renamed to `mail`
KeyError: 'email'
[2026-09-10 14:14:59,000] [7] [INFO] 10.0.0.10 "GET /users/1 HTTP/1.1" 500 265
[2026-09-10 14:15:29,000] [7] [ERROR] Exception on /users/2 [GET]
Traceback (most recent call last):
  File "/usr/local/lib/python3.12/site-packages/flask/app.py", line 1473, in wsgi_app
    response = self.full_dispatch_request()
  File "/usr/local/lib/python3.12/site-packages/flask/app.py", line 882, in full_dispatch_request
    rv = self.dispatch_request()
  File "/usr/local/lib/python3.12/site-packages/flask/app.py", line 865, in dispatch_request
    return self.ensure_sync(self.view_functions[rule.endpoint])(**view_args)
  File "/srv/app/routes.py", line 21, in user_detail
    email=user["email"],  # BUG: column was renamed to `mail`
KeyError: 'email'
[2026-09-10 14:15:29,000] [7] [INFO] 10.0.0.27 "GET /users/2 HTTP/1.1" 500 265
[2026-09-10 14:15:55,000] [7] [INFO] 10.0.0.27 "GET /health HTTP/1.1" 200 16
[2026-09-10 14:15:59,000] [7] [INFO] 10.0.0.15 "GET /health HTTP/1.1" 200 16
[2026-09-10 14:16:28,000] [7] [INFO] 10.0.0.23 "GET /health HTTP/1.1" 200 16
[2026-09-10 14:17:07,000] [7] [INFO] 10.0.0.2 "GET /health HTTP/1.1" 200 16
[2026-09-10 14:17:44,000] [7] [INFO] 10.0.0.8 "GET /health HTTP/1.1" 200 16
[2026-09-10 14:18:08,000] [7] [ERROR] Exception on /users/1 [GET]
Traceback (most recent call last):
  File "/usr/local/lib/python3.12/site-packages/flask/app.py", line 1473, in wsgi_app
    response = self.full_dispatch_request()
  File "/usr/local/lib/python3.12/site-packages/flask/app.py", line 882, in full_dispatch_request
    rv = self.dispatch_request()
  File "/usr/local/lib/python3.12/site-packages/flask/app.py", line 865, in dispatch_request
    return self.ensure_sync(self.view_functions[rule.endpoint])(**view_args)
  File "/srv/app/routes.py", line 21, in user_detail
    email=user["email"],  # BUG: column was renamed to `mail`
KeyError: 'email'
[2026-09-10 14:18:08,000] [7] [INFO] 10.0.0.15 "GET /users/2 HTTP/1.1" 500 265
[2026-09-10 14:18:18,000] [7] [ERROR] Exception on /users/2 [GET]
Traceback (most recent call last):
  File "/usr/local/lib/python3.12/site-packages/flask/app.py", line 1473, in wsgi_app
    response = self.full_dispatch_request()
  File "/usr/local/lib/python3.12/site-packages/flask/app.py", line 882, in full_dispatch_request
    rv = self.dispatch_request()
  File "/usr/local/lib/python3.12/site-packages/flask/app.py", line 865, in dispatch_request
    return self.ensure_sync(self.view_functions[rule.endpoint])(**view_args)
  File "/srv/app/routes.py", line 21, in user_detail
    email=user["email"],  # BUG: column was renamed to `mail`
KeyError: 'email'
[2026-09-10 14:18:18,000] [7] [INFO] 10.0.0.40 "GET /users/2 HTTP/1.1" 500 265
[2026-09-10 14:18:49,000] [7] [INFO] 10.0.0.33 "GET /health HTTP/1.1" 200 16
[2026-09-10 14:19:19,000] [7] [INFO] 10.0.0.21 "GET /users/3 HTTP/1.1" 404 207
[2026-09-10 14:19:29,000] [7] [INFO] 10.0.0.23 "GET /health HTTP/1.1" 200 16
[2026-09-10 14:19:46,000] [7] [INFO] 10.0.0.12 "GET /users/7 HTTP/1.1" 404 207
[2026-09-10 14:19:48,000] [7] [INFO] 10.0.0.35 "GET /health HTTP/1.1" 200 16
[2026-09-10 14:20:12,000] [7] [INFO] 10.0.0.36 "GET /health HTTP/1.1" 200 16
[2026-09-10 14:20:14,000] [7] [ERROR] Exception on /users/2 [GET]
Traceback (most recent call last):
  File "/usr/local/lib/python3.12/site-packages/flask/app.py", line 1473, in wsgi_app
    response = self.full_dispatch_request()
  File "/usr/local/lib/python3.12/site-packages/flask/app.py", line 882, in full_dispatch_request
    rv = self.dispatch_request()
  File "/usr/local/lib/python3.12/site-packages/flask/app.py", line 865, in dispatch_request
    return self.ensure_sync(self.view_functions[rule.endpoint])(**view_args)
  File "/srv/app/routes.py", line 21, in user_detail
    email=user["email"],  # BUG: column was renamed to `mail`
KeyError: 'email'
[2026-09-10 14:20:14,000] [7] [INFO] 10.0.0.7 "GET /users/2 HTTP/1.1" 500 265
[2026-09-10 14:20:48,000] [7] [INFO] 10.0.0.12 "GET /users/5 HTTP/1.1" 404 207
[2026-09-10 14:21:03,000] [7] [ERROR] Exception on /users/2 [GET]
Traceback (most recent call last):
  File "/usr/local/lib/python3.12/site-packages/flask/app.py", line 1473, in wsgi_app
    response = self.full_dispatch_request()
  File "/usr/local/lib/python3.12/site-packages/flask/app.py", line 882, in full_dispatch_request
    rv = self.dispatch_request()
  File "/usr/local/lib/python3.12/site-packages/flask/app.py", line 865, in dispatch_request
    return self.ensure_sync(self.view_functions[rule.endpoint])(**view_args)
  File "/srv/app/routes.py", line 21, in user_detail
    email=user["email"],  # BUG: column was renamed to `mail`
KeyError: 'email'
[2026-09-10 14:21:03,000] [7] [INFO] 10.0.0.16 "GET /users/1 HTTP/1.1" 500 265
[2026-09-10 14:21:19,000] [7] [ERROR] Exception on /users/1 [GET]
Traceback (most recent call last):
  File "/usr/local/lib/python3.12/site-packages/flask/app.py", line 1473, in wsgi_app
    response = self.full_dispatch_request()
  File "/usr/local/lib/python3.12/site-packages/flask/app.py", line 882, in full_dispatch_request
    rv = self.dispatch_request()
  File "/usr/local/lib/python3.12/site-packages/flask/app.py", line 865, in dispatch_request
    return self.ensure_sync(self.view_functions[rule.endpoint])(**view_args)
  File "/srv/app/routes.py", line 21, in user_detail
    email=user["email"],  # BUG: column was renamed to `mail`
KeyError: 'email'
[2026-09-10 14:21:19,000] [7] [INFO] 10.0.0.14 "GET /users/2 HTTP/1.1" 500 265
[2026-09-10 14:21:42,000] [7] [ERROR] Exception on /users/1 [GET]
Traceback (most recent call last):
  File "/usr/local/lib/python3.12/site-packages/flask/app.py", line 1473, in wsgi_app
    response = self.full_dispatch_request()
  File "/usr/local/lib/python3.12/site-packages/flask/app.py", line 882, in full_dispatch_request
    rv = self.dispatch_request()
  File "/usr/local/lib/python3.12/site-packages/flask/app.py", line 865, in dispatch_request
    return self.ensure_sync(self.view_functions[rule.endpoint])(**view_args)
  File "/srv/app/routes.py", line 21, in user_detail
    email=user["email"],  # BUG: column was renamed to `mail`
KeyError: 'email'
[2026-09-10 14:21:42,000] [7] [INFO] 10.0.0.19 "GET /users/2 HTTP/1.1" 500 265
[2026-09-10 14:21:59,000] [7] [INFO] 10.0.0.40 "GET /health HTTP/1.1" 200 16
[2026-09-10 14:22:22,000] [7] [INFO] 10.0.0.24 "GET /users/5 HTTP/1.1" 404 207
[2026-09-10 14:22:28,000] [7] [INFO] 10.0.0.16 "GET /health HTTP/1.1" 200 16
[2026-09-10 14:22:59,000] [7] [INFO] 10.0.0.15 "GET /health HTTP/1.1" 200 16
[2026-09-10 14:23:30,000] [7] [ERROR] Exception on /users/1 [GET]
Traceback (most recent call last):
  File "/usr/local/lib/python3.12/site-packages/flask/app.py", line 1473, in wsgi_app
    response = self.full_dispatch_request()
  File "/usr/local/lib/python3.12/site-packages/flask/app.py", line 882, in full_dispatch_request
    rv = self.dispatch_request()
  File "/usr/local/lib/python3.12/site-packages/flask/app.py", line 865, in dispatch_request
    return self.ensure_sync(self.view_functions[rule.endpoint])(**view_args)
  File "/srv/app/routes.py", line 21, in user_detail
    email=user["email"],  # BUG: column was renamed to `mail`
KeyError: 'email'
[2026-09-10 14:23:30,000] [7] [INFO] 10.0.0.32 "GET /users/2 HTTP/1.1" 500 265
[2026-09-10 14:23:36,000] [7] [ERROR] Exception on /users/1 [GET]
Traceback (most recent call last):
  File "/usr/local/lib/python3.12/site-packages/flask/app.py", line 1473, in wsgi_app
    response = self.full_dispatch_request()
  File "/usr/local/lib/python3.12/site-packages/flask/app.py", line 882, in full_dispatch_request
    rv = self.dispatch_request()
  File "/usr/local/lib/python3.12/site-packages/flask/app.py", line 865, in dispatch_request
    return self.ensure_sync(self.view_functions[rule.endpoint])(**view_args)
  File "/srv/app/routes.py", line 21, in user_detail
    email=user["email"],  # BUG: column was renamed to `mail`
KeyError: 'email'
[2026-09-10 14:23:36,000] [7] [INFO] 10.0.0.26 "GET /users/1 HTTP/1.1" 500 265
[2026-09-10 14:24:07,000] [7] [ERROR] Exception on /users/2 [GET]
Traceback (most recent call last):
  File "/usr/local/lib/python3.12/site-packages/flask/app.py", line 1473, in wsgi_app
    response = self.full_dispatch_request()
  File "/usr/local/lib/python3.12/site-packages/flask/app.py", line 882, in full_dispatch_request
    rv = self.dispatch_request()
  File "/usr/local/lib/python3.12/site-packages/flask/app.py", line 865, in dispatch_request
    return self.ensure_sync(self.view_functions[rule.endpoint])(**view_args)
  File "/srv/app/routes.py", line 21, in user_detail
    email=user["email"],  # BUG: column was renamed to `mail`
KeyError: 'email'
[2026-09-10 14:24:07,000] [7] [INFO] 10.0.0.23 "GET /users/1 HTTP/1.1" 500 265
[2026-09-10 14:24:10,000] [7] [WARNING] redis.exceptions.ConnectionError: Error 111 connecting to cache:6379. Connection refused.
